
  "ids": {
    "modelId": "SWV",
    "manufacturerName": "SONOFF"
  },
  "endpoints": {
    "endpointDescriptors": [
      {
        "endpointId": 1,
        "applicationProfileId": 260,
        "applicationDeviceId": 2,
        "applicationDeviceVersion": 0,
        "_reserved1": 1,
        "inputClusters": [
          0,
          1,
          3,
          6,
          32,
          1028,
          2821,
          64599,
          64529
        ],
        "outputClusters": [
          10,
          25
        ]
      }
    ],
    "endpoints": {
      "1": {
        "clusters": {
          "basic": {
            "attributes": [
              {
                "acl": [
                  "readable",
                  "reportable"
                ],
                "id": 0,
                "name": "zclVersion",
                "value": 8,
                "reportingConfiguration": {
                  "status": "NOT_FOUND",
                  "direction": "reported"
                }
              },
              {
                "acl": [
                  "readable",
                  "reportable"
                ],
                "id": 1,
                "name": "appVersion",
                "value": 16,
                "reportingConfiguration": {
                  "status": "NOT_FOUND",
                  "direction": "reported"
                }
              },
              {
                "acl": [
                  "readable",
                  "reportable"
                ],
                "id": 3,
                "name": "hwVersion",
                "value": 16,
                "reportingConfiguration": {
                  "status": "NOT_FOUND",
                  "direction": "reported"
                }
              },
              {
                "acl": [
                  "readable",
                  "reportable"
                ],
                "id": 4,
                "name": "manufacturerName",
                "value": "SONOFF",
                "reportingConfiguration": {
                  "status": "NOT_FOUND",
                  "direction": "reported"
                }
              },
              {
                "acl": [
                  "readable",
                  "reportable"
                ],
                "id": 5,
                "name": "modelId",
                "value": "SWV",
                "reportingConfiguration": {
                  "status": "NOT_FOUND",
                  "direction": "reported"
                }
              },
              {
                "acl": [
                  "readable",
                  "reportable"
                ],
                "id": 6,
                "name": "dateCode",
                "value": "20240705",
                "reportingConfiguration": {
                  "status": "NOT_FOUND",
                  "direction": "reported"
                }
              },
              {
                "acl": [
                  "readable",
                  "reportable"
                ],
                "id": 7,
                "name": "powerSource",
                "value": "battery",
                "reportingConfiguration": {
                  "status": "NOT_FOUND",
                  "direction": "reported"
                }
              },
              {
                "acl": [
                  "readable",
                  "writable",
                  "reportable"
                ],
                "id": 17,
                "name": "physicalEnv",
                "value": "Unspecified",
                "reportingConfiguration": {
                  "status": "NOT_FOUND",
                  "direction": "reported"
                }
              },
              {
                "acl": [
                  "readable",
                  "reportable"
                ],
                "id": 16384,
                "name": "swBuildId",
                "value": "1.0.3",
                "reportingConfiguration": {
                  "status": "NOT_FOUND",
                  "direction": "reported"
                }
              },
              {
                "acl": [
                  "readable",
                  "reportable"
                ],
                "id": 65533,
                "name": "clusterRevision",
                "value": 3,
                "reportingConfiguration": {
                  "status": "NOT_FOUND",
                  "direction": "reported"
                }
              }
            ],
            "commandsGenerated": [],
            "commandsReceived": [
              "factoryReset"
            ]
          },
          "powerConfiguration": {
            "attributes": [
              {
                "acl": [
                  "readable",
                  "reportable"
                ],
                "id": 32,
                "name": "batteryVoltage",
                "value": 62,
                "reportingConfiguration": {
                  "status": "NOT_FOUND",
                  "direction": "reported"
                }
              },
              {
                "acl": [
                  "readable",
                  "reportable"
                ],
                "id": 33,
                "name": "batteryPercentageRemaining",
                "value": 200,
                "reportingConfiguration": {
                  "direction": "reported",
                  "attributeDataType": 32,
                  "minInterval": 1,
                  "maxInterval": 7200,
                  "minChange": 2,
                  "status": "SUCCESS"
                }
              },
              {
                "acl": [
                  "readable",
                  "reportable"
                ],
                "id": 65533,
                "name": "clusterRevision",
                "value": 2,
                "reportingConfiguration": {
                  "status": "NOT_FOUND",
                  "direction": "reported"
                }
              }
            ],
            "commandsGenerated": [],
            "commandsReceived": []
          },
          "identify": {
            "attributes": [
              {
                "acl": [
                  "readable",
                  "writable",
                  "reportable"
                ],
                "id": 0,
                "name": "identifyTime",
                "value": 0,
                "reportingConfiguration": {
                  "status": "NOT_FOUND",
                  "direction": "reported"
                }
              },
              {
                "acl": [
                  "readable",
                  "reportable"
                ],
                "id": 65533,
                "name": "clusterRevision",
                "value": 2,
                "reportingConfiguration": {
                  "status": "NOT_FOUND",
                  "direction": "reported"
                }
              }
            ],
            "commandsGenerated": [
              "identifyQuery.response"
            ],
            "commandsReceived": [
              "identify",
              "identifyQuery"
            ]
          },
          "onOff": {
            "attributes": [
              {
                "acl": [
                  "readable",
                  "reportable"
                ],
                "id": 0,
                "name": "onOff",
                "value": false,
                "reportingConfiguration": {
                  "direction": "reported",
                  "attributeDataType": 16,
                  "minInterval": 1,
                  "maxInterval": 0,
                  "status": "SUCCESS"
                }
              },
              {
                "acl": [
                  "readable",
                  "reportable"
                ],
                "id": 65533,
                "name": "clusterRevision",
                "value": 2,
                "reportingConfiguration": {
                  "status": "NOT_FOUND",
                  "direction": "reported"
                }
              }
            ],
            "commandsGenerated": [],
            "commandsReceived": [
              "setOff",
              "setOn",
              "toggle",
              "onWithTimedOff"
            ]
          },
          "pollControl": {
            "attributes": [
              {
                "acl": [
                  "readable",
                  "writable",
                  "reportable"
                ],
                "id": 0,
                "name": "checkInInterval",
                "value": 7200,
                "reportingConfiguration": {
                  "status": "NOT_FOUND",
                  "direction": "reported"
                }
              },
              {
                "acl": [
                  "readable",
                  "reportable"
                ],
                "id": 1,
                "name": "longPollInterval",
                "value": 8,
                "reportingConfiguration": {
                  "status": "NOT_FOUND",
                  "direction": "reported"
                }
              },
              {
                "acl": [
                  "readable",
                  "reportable"
                ],
                "id": 2,
                "name": "shortPollInterval",
                "value": 2,
                "reportingConfiguration": {
                  "status": "NOT_FOUND",
                  "direction": "reported"
                }
              },
              {
                "acl": [
                  "readable",
                  "writable",
                  "reportable"
                ],
                "id": 3,
                "name": "fastPollTimeout",
                "value": 40,
                "reportingConfiguration": {
                  "status": "NOT_FOUND",
                  "direction": "reported"
                }
              },
              {
                "acl": [
                  "readable",
                  "reportable"
                ],
                "id": 65533,
                "name": "clusterRevision",
                "value": 3,
                "reportingConfiguration": {
                  "status": "NOT_FOUND",
                  "direction": "reported"
                }
              }
            ],
            "commandsGenerated": [
              0
            ],
            "commandsReceived": [
              0,
              "fastPollStop",
              "setLongPollInterval",
              "setShortPollInterval"
            ]
          },
          "flowMeasurement": {
            "attributes": [
              {
                "acl": [
                  "readable",
                  "reportable"
                ],
                "id": 0,
                "name": "measuredValue",
                "value": 0,
                "reportingConfiguration": {
                  "direction": "reported",
                  "attributeDataType": 33,
                  "minInterval": 1,
                  "maxInterval": 7200,
                  "minChange": 1,
                  "status": "SUCCESS"
                }
              },
              {
                "acl": [
                  "readable",
                  "reportable"
                ],
                "id": 1,
                "name": "minMeasuredValue",
                "value": 0,
                "reportingConfiguration": {
                  "status": "NOT_FOUND",
                  "direction": "reported"
                }
              },
              {
                "acl": [
                  "readable",
                  "reportable"
                ],
                "id": 2,
                "name": "maxMeasuredValue",
                "value": 27,
                "reportingConfiguration": {
                  "status": "NOT_FOUND",
                  "direction": "reported"
                }
              },
              {
                "acl": [
                  "readable",
                  "reportable"
                ],
                "id": 65533,
                "name": "clusterRevision",
                "value": 2,
                "reportingConfiguration": {
                  "status": "NOT_FOUND",
                  "direction": "reported"
                }
              }
            ],
            "commandsGenerated": [],
            "commandsReceived": []
          },
          "diagnostics": {
            "attributes": [
              {
                "acl": [
                  "readable",
                  "reportable"
                ],
                "id": 283,
                "reportingConfiguration": {
                  "status": "NOT_FOUND",
                  "direction": "reported"
                }
              },
              {
                "acl": [
                  "readable",
                  "reportable"
                ],
                "id": 284,
                "reportingConfiguration": {
                  "status": "NOT_FOUND",
                  "direction": "reported"
                }
              },
              {
                "acl": [
                  "readable",
                  "reportable"
                ],
                "id": 285,
                "reportingConfiguration": {
                  "status": "NOT_FOUND",
                  "direction": "reported"
                }
              },
              {
                "acl": [
                  "readable",
                  "reportable"
                ],
                "id": 65533,
                "name": "clusterRevision",
                "value": 3,
                "reportingConfiguration": {
                  "status": "NOT_FOUND",
                  "direction": "reported"
                }
              }
            ],
            "commandsGenerated": [],
            "commandsReceived": []
          }
        },
        "bindings": {
          "time": {
            "attributes": [],
            "commandsGenerated": [],
            "commandsReceived": []
          },
          "ota": {
            "attributes": [],
            "commandsGenerated": [],
            "commandsReceived": []
          }
        }
      }
    }
  }